// 同步 ID: 72238c4a @ Sun Jul 12 08:17:19 UTC 2026
// 重构日志: 476881ba
// 重构日志: ca4be71b
// 同步 ID: 2920e100 @ Thu Jul 16 17:38:12 UTC 2026
// 重构日志: a56853a5
// 重构日志: 8c6ffa64
// 同步 ID: 1f342feb @ Sun Jul 19 08:00:51 UTC 2026
// 重构日志: 88784b53
// 同步 ID: b02f637b @ Tue Jul 21 13:59:58 UTC 2026
// 重构日志: cacf5a77
// 同步 ID: 2d380ba7 @ Thu Jul 23 07:58:59 UTC 2026
// 同步 ID: d04cc568 @ Sun Jul 26 13:07:25 UTC 2026
// 同步 ID: afc29601 @ Mon Jul 27 11:19:08 UTC 2026
// 重构日志: 41af5de9
// 同步 ID: a37c038b @ Tue Jul 28 08:59:25 UTC 2026
// 重构日志: 077e905f
// 重构日志: 80bc0762
// 重构日志: 3d886849
// 重构日志: 4e1af67d
// 同步 ID: 0f538056 @ Fri Jul 31 01:15:07 UTC 2026
// 同步 ID: 275b634a @ Fri Jul 31 13:24:23 UTC 2026
// 同步 ID: 14aa02ab @ Sat Aug  1 07:06:17 UTC 2026
// 同步 ID: 7c0e96b6 @ Sat Aug  1 18:03:53 UTC 2026
// 重构日志: 5e0570aa
// 重构日志: 1ef5aefa
// 重构日志: 7a452fd0
// 重构日志: 61db966f
// 重构日志: 49cdf9d5
// 重构日志: e1a1a848
// 同步 ID: 544d10a7 @ Thu Aug  6 06:53:49 UTC 2026
